PS F:\Docs\sem5\CS669\patternRecognition\assignments\assign-2> python kmeans.py -s .\prepData\dataset\group08_1\test\bayou\
Process start
0  : J:  140142377.74082208      :  -140142378.74082208  :  0:00:02.164414
1  : J:  147925705.2425938       :  -7783327.501771718  :  0:00:02.137695
Total time taken  0:00:05.421151

PS F:\Docs\sem5\CS669\patternRecognition\assignments\assign-2> python kmeans.py -s .\prepData\dataset\group08_1\test\bayou\
Process start
0  : J:  170363110.51596814      :  -170363111.51596814  :  0:00:02.502872
1  : J:  122009666.82177521      :  48353443.69419293  :  0:00:02.416153
2  : J:  120890351.69015458      :  1119315.1316206306  :  0:00:02.376391
3  : J:  119723632.88245551      :  1166718.8076990694  :  0:00:02.523129
4  : J:  118308077.10123903      :  1415555.7812164873  :  0:00:02.271721
5  : J:  116981685.8813912       :  1326391.2198478281  :  0:00:02.355665
6  : J:  116053561.90669663      :  928123.9746945649  :  0:00:02.147701
7  : J:  115763240.7881504       :  290321.1185462326  :  0:00:02.157520
8  : J:  115691791.37722476      :  71449.41092564166  :  0:00:02.006107
9  : J:  115393147.50827149      :  298643.8689532727  :  0:00:02.179798
10  : J:  114545680.58154592     :  847466.9267255664  :  0:00:02.002654
11  : J:  114433584.09820192     :  112096.48334400356  :  0:00:02.259129
12  : J:  114426554.94636163     :  7029.151840284467  :  0:00:02.165966
13  : J:  114423304.1875961      :  3250.7587655335665  :  0:00:02.385531
14  : J:  114422372.6663932      :  931.521202892065  :  0:00:02.918661
15  : J:  114422070.58300947     :  302.0833837389946  :  0:00:02.728898
16  : J:  114422028.2753965      :  42.30761297047138  :  0:00:02.116530
17  : J:  114422028.2753965      :  0.0  :  0:00:02.277782
Total time taken  0:00:46.692767
PS F:\Docs\sem5\CS669\patternRecognition\assignments\assign-2> python kmeans.py -s .\prepData\dataset\group08_1\test\bayou\
Process start

0  : J:  192219003.40088663      :  -192219004.40088663  :  0:00:02.004107
1  : J:  119199461.98588672      :  73019541.4149999  :  0:00:02.164692
2  : J:  117829040.0443331       :  1370421.9415536225  :  0:00:02.118698
3  : J:  117334304.21859         :  494735.8257430941  :  0:00:02.124310
4  : J:  117061456.15578106      :  272848.0628089458  :  0:00:02.086246
5  : J:  116617353.5108065       :  444102.64497455955  :  0:00:02.048020
6  : J:  116158246.51793285      :  459106.99287365377  :  0:00:02.034267
7  : J:  115996692.08531839      :  161554.4326144606  :  0:00:02.064573
8  : J:  115912925.78553423      :  83766.2997841537  :  0:00:02.025666
9  : J:  115852332.73079182      :  60593.05474241078  :  0:00:02.034227
10  : J:  115800949.59045897     :  51383.14033284783  :  0:00:02.102542
11  : J:  115746950.42243381     :  53999.168025165796  :  0:00:02.047708
12  : J:  115659900.7389944      :  87049.68343940377  :  0:00:02.107149
13  : J:  115164975.98531665     :  494924.7536777556  :  0:00:02.064465
14  : J:  114509256.41415635     :  655719.5711603016  :  0:00:02.105898
15  : J:  114430453.13429281     :  78803.27986353636  :  0:00:02.047433
16  : J:  114426149.15176357     :  4303.982529237866  :  0:00:02.003331
17  : J:  114423161.3585855      :  2987.7931780666113  :  0:00:02.066542
18  : J:  114422378.49328399     :  782.8653015196323  :  0:00:02.118499
19  : J:  114422071.28163238     :  307.2116516083479  :  0:00:02.045362
20  : J:  114422028.2753965      :  43.006235882639885  :  0:00:01.980302
21  : J:  114422028.2753965      :  0.0  :  0:00:01.982842
Total time taken  0:00:48.435857
PS F:\Docs\sem5\CS669\patternRecognition\assignments\assign-2> python kmeans.py -s .\prepData\oldset\
Process start

0  : J:  7790404.000863703       :  -7790405.000863703  :  0:00:00.200476
1  : J:  4825610.576312041       :  2964793.424551662  :  0:00:00.184852
2  : J:  4891156.94591975        :  -65546.36960770935  :  0:00:00.200473
Total time taken  0:00:00.670437
PS F:\Docs\sem5\CS669\patternRecognition\assignments\assign-2> python kmeans.py -s .\prepData\oldset\
Process start

0  : J:  4469228.392027976       :  -4469229.392027976  :  0:00:00.178346
1  : J:  3955171.081759841       :  514057.3102681348  :  0:00:00.162727
2  : J:  3955317.0425328305      :  -145.96077298931777  :  0:00:00.200477
Total time taken  0:00:00.563682
PS F:\Docs\sem5\CS669\patternRecognition\assignments\assign-2> python kmeans.py -s .\prepData\oldset\
Process start
0  : J:  4594639.191397606       :  -4594640.191397606  :  0:00:00.178350
1  : J:  4835426.572749782       :  -240787.38135217596  :  0:00:00.169249
Total time taken  0:00:00.391489
PS F:\Docs\sem5\CS669\patternRecognition\assignments\assign-2> python kmeans.py -s .\prepData\oldset\
Process start

0  : J:  6699441.94128728        :  -6699442.94128728  :  0:00:00.200477
1  : J:  5646323.050358283       :  1053118.8909289967  :  0:00:00.169233
2  : J:  4509146.7735773465      :  1137176.2767809369  :  0:00:00.168830
3  : J:  3973880.806620632       :  535265.9669567146  :  0:00:00.184852
4  : J:  3955317.0425328305      :  18563.764087801334  :  0:00:00.162721
5  : J:  3955317.0425328305      :  0.0  :  0:00:00.200475
Total time taken  0:00:01.133452
PS F:\Docs\sem5\CS669\patternRecognition\assignments\assign-2> python kmeans.py -s .\prepData\oldset\
Process start

0  : J:  7025516.217627335       :  -7025517.217627335  :  0:00:00.169233
1  : J:  5427373.250457873       :  1598142.9671694627  :  0:00:00.215551
2  : J:  4143083.433825055       :  1284289.8166328175  :  0:00:00.162870
3  : J:  3960986.978480056       :  182096.4553449992  :  0:00:00.181102
4  : J:  3955317.0425328305      :  5669.935947225429  :  0:00:00.180938
5  : J:  3955317.0425328305      :  0.0  :  0:00:00.190989
Total time taken  0:00:01.165652
PS F:\Docs\sem5\CS669\patternRecognition\assignments\assign-2> python kmeans.py -s .\prepData\oldset\
Process start

0  : J:  3791069.222714744       :  -3791070.222714744  :  0:00:00.169234
1  : J:  3955035.0841109         :  -163965.8613961558  :  0:00:00.210158
Total time taken  0:00:00.410633
PS F:\Docs\sem5\CS669\patternRecognition\assignments\assign-2> python kmeans.py -s .\prepData\oldset\
Process start
0  : J:  4165601.4086741013      :  -4165602.4086741013  :  0:00:00.178350
1  : J:  4839323.323973118       :  -673721.915299017  :  0:00:00.174633
Total time taken  0:00:00.371019
PS F:\Docs\sem5\CS669\patternRecognition\assignments\assign-2> python kmeans.py -s .\prepData\oldset\
Process start

0  : J:  9984945.552819148       :  -9984946.552819148  :  0:00:00.202501
1  : J:  6671017.876143714       :  3313927.6766754333  :  0:00:00.181122
2  : J:  4039403.6984146824      :  2631614.177729032  :  0:00:00.221332
3  : J:  3955684.508702849       :  83719.18971183337  :  0:00:00.172786
4  : J:  3955317.0425328305      :  367.46617001853883  :  0:00:00.211438
5  : J:  3955317.0425328305      :  0.0  :  0:00:00.211951
Total time taken  0:00:01.247287
PS F:\Docs\sem5\CS669\patternRecognition\assignments\assign-2> python kmeans.py -s .\prepData\oldset\
Process start
0  : J:  4584215.526332122       :  -4584216.526332122  :  0:00:00.169239
1  : J:  4834628.632913183       :  -250413.10658106115  :  0:00:00.184852
Total time taken  0:00:00.400953
PS F:\Docs\sem5\CS669\patternRecognition\assignments\assign-2> python kmeans.py -s .\prepData\oldset\
Process start
0  : J:  4097955.92652381        :  -4097956.92652381  :  0:00:00.184859
1  : J:  4844664.426655527       :  -746708.5001317174  :  0:00:00.169238
2  : J:  4892696.50569393        :  -48032.079038403  :  0:00:00.216096
3  : J:  4895021.996624804       :  -2325.4909308739007  :  0:00:00.200479
4  : J:  4895021.996624804       :  0.0  :  0:00:00.200890
Total time taken  0:00:01.187656
PS F:\Docs\sem5\CS669\patternRecognition\assignments\assign-2> python kmeans.py -s .\prepData\oldset\
Process start
0  : J:  6774545.059375571       :  -6774546.059375571  :  0:00:00.196287
1  : J:  5507612.141071362       :  1266932.9183042087  :  0:00:00.160802
2  : J:  4242529.552475185       :  1265082.5885961773  :  0:00:00.189431
3  : J:  3964092.5503590405      :  278437.00211614463  :  0:00:00.199321
4  : J:  3955317.0425328305      :  8775.50782621  :  0:00:00.209877
5  : J:  3955317.0425328305      :  0.0  :  0:00:00.179507
Total time taken  0:00:01.182589
PS F:\Docs\sem5\CS669\patternRecognition\assignments\assign-2> python kmeans.py -s .\prepData\oldset\
Process start
0  : J:  4402379.566752115       :  -4402380.566752115  :  0:00:00.178345
1  : J:  4856654.151691601       :  -454274.5849394854  :  0:00:00.200477
2  : J:  4892696.50569393        :  -36042.35400232952  :  0:00:00.200476
3  : J:  4895021.996624804       :  -2325.4909308739007  :  0:00:00.239858
4  : J:  4895021.996624804       :  0.0  :  0:00:00.211876
Total time taken  0:00:01.084516
PS F:\Docs\sem5\CS669\patternRecognition\assignments\assign-2> python kmeans.py -s .\prepData\oldset\
Process start
0  : J:  6371997.38539217        :  -6371998.38539217  :  0:00:00.252725
1  : J:  4348154.091917359       :  2023843.2934748111  :  0:00:00.212024
2  : J:  3968183.2584976926      :  379970.8334196666  :  0:00:00.189196
3  : J:  3955317.0425328305      :  12866.215964862145  :  0:00:00.168669
4  : J:  3955317.0425328305      :  0.0  :  0:00:00.191814
Total time taken  0:00:01.036504
PS F:\Docs\sem5\CS669\patternRecognition\assignments\assign-2> python kmeans.py -s .\prepData\oldset\
Process start

0  : J:  4170987.4027358275      :  -4170988.4027358275  :  0:00:00.201886
1  : J:  4854356.728233893       :  -683369.3254980659  :  0:00:00.180863
2  : J:  4892696.50569393        :  -38339.7774600368  :  0:00:00.158597
3  : J:  4895021.996624804       :  -2325.4909308739007  :  0:00:00.190742
4  : J:  4895021.996624804       :  0.0  :  0:00:00.212081
Total time taken  0:00:00.971849
PS F:\Docs\sem5\CS669\patternRecognition\assignments\assign-2> python kmeans.py -s .\prepData\oldset\
Process start
0  : J:  6683194.769391667       :  -6683195.769391667  :  0:00:00.184849
1  : J:  4038639.632333164       :  2644555.137058503  :  0:00:00.216096
2  : J:  3955684.508702849       :  82955.12363031507  :  0:00:00.191796
3  : J:  3955317.0425328305      :  367.46617001853883  :  0:00:00.170746
4  : J:  3955317.0425328305      :  0.0  :  0:00:00.219460
Total time taken  0:00:01.030771

PS F:\Docs\sem5\CS669\patternRecognition\assignments\assign-2> python kmeans.py -s .\prepData\dataset\group08_1\test\bayou\
Process start
0  : J:  203237760781.0          :  -203237760782.0  :  0:00:02.090190
1  : J:  136038724444.32433      :  67199036336.675674  :  0:00:01.999689
2  : J:  135970081417.14767      :  68643027.176651  :  0:00:02.290472
3  : J:  135966521590.4898       :  3559826.6578674316  :  0:00:02.202848
4  : J:  135966328766.5646       :  192823.92520141602  :  0:00:02.327400
5  : J:  135966312870.66937      :  15895.895233154297  :  0:00:02.286314
6  : J:  135966310697.90643      :  2172.762939453125  :  0:00:02.286301
7  : J:  135966310607.68243      :  90.2239990234375  :  0:00:02.274163
8  : J:  135966310607.68243      :  0.0  :  0:00:02.334766
Total time taken  0:00:23.049834
PS F:\Docs\sem5\CS669\patternRecognition\assignments\assign-2> python kmeans.py -s .\prepData\dataset\group08_1\test\bayou\
Process start

0  : J:  350567227801.0          :  -350567227802.0  :  0:00:02.290619
1  : J:  146005209049.8702       :  204562018751.1298  :  0:00:02.585636
2  : J:  139283915376.65308      :  6721293673.217133  :  0:00:02.215590
3  : J:  136067270120.7182       :  3216645255.9348755  :  0:00:02.088407
4  : J:  135972722826.9758       :  94547293.74240112  :  0:00:02.151183
5  : J:  135966783815.28638      :  5939011.689422607  :  0:00:02.286949
6  : J:  135966353630.82271      :  430184.46366882324  :  0:00:02.337514
7  : J:  135966315038.41273      :  38592.40997314453  :  0:00:02.215045
8  : J:  135966310697.90643      :  4340.506301879883  :  0:00:02.175307
9  : J:  135966310607.68243      :  90.2239990234375  :  0:00:02.202921
10  : J:  135966310607.68243     :  0.0  :  0:00:02.206067
Total time taken  0:00:26.731763
PS F:\Docs\sem5\CS669\patternRecognition\assignments\assign-2> python kmeans.py -s .\prepData\oldset\
Process start
0  : J:  16617042914.634151      :  -16617042915.634151  :  0:00:00.184855
1  : J:  3741124562.6105266      :  12875918352.023624  :  0:00:00.222602
2  : J:  3640355317.937698       :  100769244.67282867  :  0:00:00.231720
3  : J:  3640242508.4816713      :  112809.45602655411  :  0:00:00.211531
4  : J:  3640241734.4839063      :  773.9977650642395  :  0:00:00.191443
5  : J:  3640241734.4839063      :  0.0  :  0:00:00.211092
Total time taken  0:00:01.357027
PS F:\Docs\sem5\CS669\patternRecognition\assignments\assign-2> python kmeans.py -s .\prepData\oldset\
Process start

0  : J:  8153858161.164612       :  -8153858162.164612  :  0:00:00.231722
1  : J:  7748787319.731037       :  405070841.4335747  :  0:00:00.184852
2  : J:  7702234362.611813       :  46552957.11922455  :  0:00:00.241841
3  : J:  7355831264.796164       :  346403097.81564903  :  0:00:00.211260
4  : J:  3644264353.039764       :  3711566911.7563996  :  0:00:00.211872
5  : J:  3640569102.152819       :  3695250.886944771  :  0:00:00.203247
6  : J:  3640254450.988564       :  314651.1642551422  :  0:00:00.211426
7  : J:  3640242484.5888524      :  11966.399711608887  :  0:00:00.252043
8  : J:  3640241734.4839063      :  750.1049461364746  :  0:00:00.211322
9  : J:  3640241734.4839063      :  0.0  :  0:00:00.231562
Total time taken  0:00:02.234888
PS F:\Docs\sem5\CS669\patternRecognition\assignments\assign-2> python kmeans.py -s .\prepData\oldset\
Process start

0  : J:  6164977057.463447       :  -6164977058.463447  :  0:00:00.200483
1  : J:  3641868465.8138404      :  2523108591.649606  :  0:00:00.283301
2  : J:  3640244746.341079       :  1623719.4727611542  :  0:00:00.211398
3  : J:  3640241734.4839063      :  3011.8571729660034  :  0:00:00.233606
4  : J:  3640241734.4839063      :  0.0  :  0:00:00.183044
Total time taken  0:00:01.165744
PS F:\Docs\sem5\CS669\patternRecognition\assignments\assign-2> python kmeans.py -s .\prepData\oldset\
Process start

0  : J:  16768118349.345266      :  -16768118350.345266  :  0:00:00.257546
1  : J:  3823858406.9768977      :  12944259942.368368  :  0:00:00.191290
2  : J:  3640457931.613633       :  183400475.36326456  :  0:00:00.219083
3  : J:  3640242508.4816713      :  215423.1319618225  :  0:00:00.191042
4  : J:  3640241734.4839063      :  773.9977650642395  :  0:00:00.241646
5  : J:  3640241734.4839063      :  0.0  :  0:00:00.221457
Total time taken  0:00:01.359759
PS F:\Docs\sem5\CS669\patternRecognition\assignments\assign-2> python kmeans.py -s .\prepData\dataset\group08_1\test\
Process start

0  : J:  436845257810.0          :  -436845257811.0  :  0:00:05.632596
1  : J:  301670197080.5355       :  135175060729.46448  :  0:00:05.565425
2  : J:  299758832293.76575      :  1911364786.7697754  :  0:00:05.505667
3  : J:  298525717097.88257      :  1233115195.8831787  :  0:00:05.608519
4  : J:  297637855134.24243      :  887861963.6401367  :  0:00:05.383334
5  : J:  296840450275.70166      :  797404858.5407715  :  0:00:05.525726
6  : J:  296183232569.15594      :  657217706.5457153  :  0:00:05.513982
7  : J:  295499615118.04156      :  683617451.1143799  :  0:00:05.407159
8  : J:  294862211412.1597       :  637403705.8818359  :  0:00:05.535664
9  : J:  294424900497.2657       :  437310914.89404297  :  0:00:05.809217
10  : J:  294153321924.8239      :  271578572.44177246  :  0:00:05.716145
11  : J:  293985136269.3211      :  168185655.50280762  :  0:00:05.423978
12  : J:  293881245411.61053     :  103890857.71057129  :  0:00:05.565369
13  : J:  293813398829.2072      :  67846582.40332031  :  0:00:05.405749
14  : J:  293764451757.7482      :  48947071.458984375  :  0:00:05.668839
15  : J:  293725819106.505       :  38632651.2432251  :  0:00:05.502683
16  : J:  293693669330.6411      :  32149775.8638916  :  0:00:05.430800
17  : J:  293667140055.13416     :  26529275.506958008  :  0:00:05.547057
18  : J:  293623587444.6043      :  43552610.52984619  :  0:00:05.483271
19  : J:  293560286616.65497     :  63300827.94934082  :  0:00:05.531138
20  : J:  293501681466.3693      :  58605150.28564453  :  0:00:05.461151
21  : J:  293422463339.6925      :  79218126.67681885  :  0:00:05.878555
22  : J:  293297736305.2987      :  124727034.39379883  :  0:00:05.487087
23  : J:  292993656035.47266     :  304080269.8260498  :  0:00:06.161156
24  : J:  292233712366.1781      :  759943669.2945557  :  0:00:05.537865
25  : J:  291653954810.31305     :  579757555.8650513  :  0:00:05.517246
26  : J:  291349310818.0302      :  304643992.2828369  :  0:00:05.485564
27  : J:  291205565234.78064     :  143745583.24957275  :  0:00:05.484003
28  : J:  291138072055.5427      :  67493179.23791504  :  0:00:05.466379
29  : J:  291104603795.82965     :  33468259.71307373  :  0:00:05.489549
30  : J:  291089390211.3606      :  15213584.469055176  :  0:00:05.396926
31  : J:  291082432485.8793      :  6957725.481323242  :  0:00:05.472553
32  : J:  291078833216.691       :  3599269.188293457  :  0:00:05.609481
33  : J:  291076808160.94214     :  2025055.748840332  :  0:00:05.369887
34  : J:  291075512573.16504     :  1295587.7770996094  :  0:00:05.611659
35  : J:  291074834509.0434      :  678064.1216430664  :  0:00:06.409082
36  : J:  291074329583.29865     :  504925.74475097656  :  0:00:05.472039
37  : J:  291073963994.1451      :  365589.1535644531  :  0:00:05.773394
38  : J:  291073736801.2192      :  227192.9259033203  :  0:00:05.646382
39  : J:  291073565207.7257      :  171593.49346923828  :  0:00:05.629010
40  : J:  291073435395.3487      :  129812.37701416016  :  0:00:06.525540
41  : J:  291073356275.15936     :  79120.18933105469  :  0:00:08.579495
42  : J:  291073321496.0458      :  34779.11358642578  :  0:00:06.668115
43  : J:  291073283410.073       :  38085.97277832031  :  0:00:06.092579
44  : J:  291073261886.4107      :  21523.66229248047  :  0:00:05.670293
45  : J:  291073254263.71106     :  7622.699645996094  :  0:00:05.504441
46  : J:  291073250232.7212      :  4030.9898681640625  :  0:00:05.551317
47  : J:  291073247770.41656     :  2462.3046264648438  :  0:00:05.512866
48  : J:  291073246060.6186      :  1709.7979736328125  :  0:00:05.496438
49  : J:  291073243663.41046     :  2397.2081298828125  :  0:00:05.549180
50  : J:  291073242310.9847      :  1352.42578125  :  0:00:05.513153
51  : J:  291073241131.9464      :  1179.0382690429688  :  0:00:05.493763
52  : J:  291073238698.57715     :  2433.3692626953125  :  0:00:05.420638
53  : J:  291073237248.3453      :  1450.2318725585938  :  0:00:05.537631
54  : J:  291073235386.35583     :  1861.9894409179688  :  0:00:05.454564
55  : J:  291073233505.9251      :  1880.4307250976562  :  0:00:05.455864
56  : J:  291073231757.0837      :  1748.8414306640625  :  0:00:05.505479
57  : J:  291073228971.3989      :  2785.6847534179688  :  0:00:07.131068
58  : J:  291073225368.45715     :  3602.9417724609375  :  0:00:06.049746
59  : J:  291073223104.8174      :  2263.6397705078125  :  0:00:07.856897
60  : J:  291073222007.90735     :  1096.9100341796875  :  0:00:06.100737
61  : J:  291073221883.53534     :  124.37200927734375  :  0:00:06.269955
62  : J:  291073221862.02026     :  21.51507568359375  :  0:00:05.666607
63  : J:  291073221862.02026     :  0.0  :  0:00:05.589057
Total time taken  0:06:27.443638
PS F:\Docs\sem5\CS669\patternRecognition\assignments\assign-2> python kmeans.py -s .\prepData\dataset\group08_2
Process start

0  : J:  2109.531053094202       :  -2110.531053094202  :  0:00:13.145831
1  : J:  937.7418038796817       :  1171.7892492145202  :  0:00:12.921649
2  : J:  850.3525591301486       :  87.38924474953308  :  0:00:12.807441
3  : J:  671.725723296208        :  178.62683583394062  :  0:00:12.895916
4  : J:  543.1742241579273       :  128.55149913828075  :  0:00:13.865532
5  : J:  466.75116340547805      :  76.4230607524492  :  0:00:13.103985
6  : J:  433.15969422795223      :  33.59146917752582  :  0:00:13.340745
7  : J:  418.7336381253259       :  14.426056102626319  :  0:00:13.269566
8  : J:  412.82591242878664      :  5.9077256965392735  :  0:00:13.085274
9  : J:  410.4608367755473       :  2.3650756532393302  :  0:00:12.894850
10  : J:  409.4883650846603      :  0.972471690887005  :  0:00:12.907544
11  : J:  409.12870464484485     :  0.3596604398154568  :  0:00:12.889561
12  : J:  408.97278564982685     :  0.15591899501799844  :  0:00:12.800181
13  : J:  408.907057882027       :  0.06572776779984224  :  0:00:13.032579
14  : J:  408.88132219444736     :  0.0257356875796404  :  0:00:12.797134
15  : J:  408.8722954576354      :  0.0090267368119612  :  0:00:13.188891
16  : J:  408.86837582609434     :  0.003919631541066337  :  0:00:12.916792
17  : J:  408.8659183915487      :  0.0024574345456471747  :  0:00:12.845112
18  : J:  408.8649068890318      :  0.0010115025169170622  :  0:00:13.038179
19  : J:  408.8645698416546      :  0.00033704737717243916  :  0:00:13.594961
Total time taken  0:04:29.334893

PS F:\Docs\sem5\CS669\patternRecognition\assignments\assign-2> python kmeans.py -s .\prepData\dataset\group08_1
C:\Python37\lib\site-packages\sklearn\externals\joblib\externals\cloudpickle\cloudpickle.py:47: DeprecationWarning: the imp module is deprecated in favour of importlib; see the module's documentation for alternative uses
  import imp
Process start

0  : Cost =  -805500747843.0 : 0:00:07.257590
1  : Cost =  236768443782.60046 : 0:00:07.182746
2  : Cost =  5308035478.751831 : 0:00:07.105448
3  : Cost =  485951024.79663086 : 0:00:07.636148
4  : Cost =  522921093.2474365 : 0:00:07.406037
5  : Cost =  937002296.0913086 : 0:00:06.958501
6  : Cost =  771035827.8028564 : 0:00:06.865293
7  : Cost =  505138399.6295166 : 0:00:07.126215
8  : Cost =  285204251.9144287 : 0:00:10.316908
9  : Cost =  157990399.9638672 : 0:00:08.670600
10  : Cost =  84100753.13891602 : 0:00:06.912557
11  : Cost =  46196076.58068848 : 0:00:06.829619
12  : Cost =  26774399.266479492 : 0:00:07.026221
13  : Cost =  15013108.455322266 : 0:00:06.986818
14  : Cost =  8422515.673828125 : 0:00:07.361316
15  : Cost =  4520512.380981445 : 0:00:07.625068
16  : Cost =  2569941.9908447266 : 0:00:07.103544
17  : Cost =  1473348.7103271484 : 0:00:07.092545
18  : Cost =  915185.4770507812 : 0:00:07.253848
19  : Cost =  483443.64208984375 : 0:00:06.942160
20  : Cost =  288912.8200683594 : 0:00:06.908364
21  : Cost =  146302.8944091797 : 0:00:06.801185
22  : Cost =  70957.24255371094 : 0:00:06.819115
23  : Cost =  42670.76574707031 : 0:00:06.931992
24  : Cost =  34589.64489746094 : 0:00:07.209372
25  : Cost =  22748.932861328125 : 0:00:06.916353
26  : Cost =  18747.504028320312 : 0:00:06.825833
27  : Cost =  8223.988403320312 : 0:00:07.116151
28  : Cost =  4025.318603515625 : 0:00:06.850648
29  : Cost =  1542.4298095703125 : 0:00:06.987166
30  : Cost =  619.311767578125 : 0:00:06.869807
31  : Cost =  295.0335693359375 : 0:00:06.819744
32  : Cost =  131.393310546875 : 0:00:06.771857
33  : Cost =  18.30615234375 : 0:00:06.791814
34  : Cost =  0.0 :
PS F:\Docs\sem5\CS669\patternRecognition\assignments\assign-2> python kmeans.py -s .\prepData\dataset\group08_1
C:\Python37\lib\site-packages\sklearn\externals\joblib\externals\cloudpickle\cloudpickle.py:47: DeprecationWarning: the imp module is deprecated in favour of importlib; see the module's documentation for alternative uses
  import imp
Process start

0  : Cost =  -785564024663.0 : 0:00:07.288358
1  : Cost =  208742041941.40222 : 0:00:07.296044
2  : Cost =  4663834631.9279785 : 0:00:08.170816
3  : Cost =  2657519258.225952 : 0:00:07.053906
4  : Cost =  1986168190.833252 : 0:00:06.849879
5  : Cost =  1227377350.3605957 : 0:00:06.843639
6  : Cost =  790950093.5218506 : 0:00:06.825935
7  : Cost =  548754960.6466064 : 0:00:07.743198
8  : Cost =  544017692.7115479 : 0:00:07.252275
9  : Cost =  577852431.9050293 : 0:00:06.975897
10  : Cost =  528273664.4901123 : 0:00:06.890091
11  : Cost =  459577667.8679199 : 0:00:06.984054
12  : Cost =  566343077.3580322 : 0:00:06.851866
13  : Cost =  927351018.5944824 : 0:00:06.762797
14  : Cost =  736788181.0721436 : 0:00:06.941713
15  : Cost =  464336980.0625 : 0:00:07.472223
16  : Cost =  257545277.37438965 : 0:00:07.775589
17  : Cost =  144081891.61462402 : 0:00:06.945790
18  : Cost =  76246096.53723145 : 0:00:07.317807
19  : Cost =  42046672.39880371 : 0:00:06.849835
20  : Cost =  24330391.92211914 : 0:00:06.770707
21  : Cost =  13302650.363769531 : 0:00:06.789218
22  : Cost =  7686464.213989258 : 0:00:06.796415
23  : Cost =  4099964.5444335938 : 0:00:06.817774
24  : Cost =  2326571.916381836 : 0:00:07.628362
25  : Cost =  1420522.3060302734 : 0:00:08.011688
26  : Cost =  814544.2227783203 : 0:00:06.955985
27  : Cost =  447096.9445800781 : 0:00:06.809446
28  : Cost =  256894.4560546875 : 0:00:06.759972
29  : Cost =  130549.14538574219 : 0:00:06.793596
30  : Cost =  59037.03430175781 : 0:00:06.771898
31  : Cost =  43076.72619628906 : 0:00:06.816307
32  : Cost =  31088.948852539062 : 0:00:06.789597
33  : Cost =  20961.945678710938 : 0:00:06.857329
34  : Cost =  17013.70654296875 : 0:00:06.908082
35  : Cost =  7906.60546875 : 0:00:06.767187
36  : Cost =  4025.318603515625 : 0:00:08.081313
37  : Cost =  1542.4298095703125 : 0:00:07.797814
38  : Cost =  619.311767578125 : 0:00:06.935338
39  : Cost =  295.0335693359375 : 0:00:07.220985
40  : Cost =  131.393310546875 : 0:00:07.405079
41  : Cost =  18.30615234375 : 0:00:08.447129
42  : Cost =  0.0 : [[121.51935601 233.87937116 277.85499705 239.26493489  97.20031697
   32.94988273  13.36046088   7.95260669 117.65608804 220.99445657
  266.46376253 259.4833361  110.64557074  31.11813837  11.23676493
    6.3834907  249.27848746 300.15412998 227.89078347 144.38179265
   60.53489672  24.27112924  12.23273206   5.23897593]
 [  1.85309335   8.59850656  30.62237578  88.10441168 211.68834199
  238.27228225 227.62151513 217.22833463   2.03621674   6.05495194
   15.39261835  50.13611128 214.65958251 248.8738931  239.7349014
  247.10056614   5.56210574  14.57889081  50.13931009  84.24508985
  151.97043958 187.57364237 212.2687949  317.65066265]]
Traceback (most recent call last):
  File "kmeans.py", line 135, in <module>
    print("Total time: "(datetime.now()-start_time))
TypeError: 'str' object is not callable